<?xml version="1.0"?>
<link_info>
   <banner>MSP430 Linker PC v15.12.3.LTS</banner>
   <copyright>Copyright (c) 2003-2015 Texas Instruments Incorporated</copyright>
   <link_time>0x5b2b013a</link_time>
   <link_errors>0x0</link_errors>
   <output_file>Frogger.out</output_file>
   <entry_point>
      <name>_c_int00_noargs_noexit</name>
      <address>0x451c</address>
   </entry_point>
   <input_file_list>
      <input_file id="fl-2">
         <path>.\</path>
         <kind>object</kind>
         <file>backchannel_uart.obj</file>
         <name>backchannel_uart.obj</name>
      </input_file>
      <input_file id="fl-3">
         <path>.\</path>
         <kind>object</kind>
         <file>buttons.obj</file>
         <name>buttons.obj</name>
      </input_file>
      <input_file id="fl-4">
         <path>.\</path>
         <kind>object</kind>
         <file>clock.obj</file>
         <name>clock.obj</name>
      </input_file>
      <input_file id="fl-5">
         <path>.\</path>
         <kind>object</kind>
         <file>game_engine.obj</file>
         <name>game_engine.obj</name>
      </input_file>
      <input_file id="fl-6">
         <path>.\</path>
         <kind>object</kind>
         <file>joystick.obj</file>
         <name>joystick.obj</name>
      </input_file>
      <input_file id="fl-7">
         <path>.\</path>
         <kind>object</kind>
         <file>lcd.obj</file>
         <name>lcd.obj</name>
      </input_file>
      <input_file id="fl-8">
         <path>.\</path>
         <kind>object</kind>
         <file>logger.obj</file>
         <name>logger.obj</name>
      </input_file>
      <input_file id="fl-9">
         <path>.\</path>
         <kind>object</kind>
         <file>main.obj</file>
         <name>main.obj</name>
      </input_file>
      <input_file id="fl-a">
         <path>.\</path>
         <kind>object</kind>
         <file>pmm.obj</file>
         <name>pmm.obj</name>
      </input_file>
      <input_file id="fl-b">
         <path>.\</path>
         <kind>object</kind>
         <file>random.obj</file>
         <name>random.obj</name>
      </input_file>
      <input_file id="fl-c">
         <path>.\</path>
         <kind>object</kind>
         <file>sound.obj</file>
         <name>sound.obj</name>
      </input_file>
      <input_file id="fl-d">
         <path>.\</path>
         <kind>object</kind>
         <file>sprites.obj</file>
         <name>sprites.obj</name>
      </input_file>
      <input_file id="fl-e">
         <path>.\</path>
         <kind>object</kind>
         <file>timer.obj</file>
         <name>timer.obj</name>
      </input_file>
      <input_file id="fl-2f">
         <path>C:\ti\ccsv6\tools\compiler\msp430_15.12.3.LTS\lib\</path>
         <kind>archive</kind>
         <file>rts430x_lc_rd_eabi.lib</file>
         <name>boot.obj</name>
      </input_file>
      <input_file id="fl-30">
         <path>C:\ti\ccsv6\tools\compiler\msp430_15.12.3.LTS\lib\</path>
         <kind>archive</kind>
         <file>rts430x_lc_rd_eabi.lib</file>
         <name>boot_special.obj</name>
      </input_file>
      <input_file id="fl-31">
         <path>C:\ti\ccsv6\tools\compiler\msp430_15.12.3.LTS\lib\</path>
         <kind>archive</kind>
         <file>rts430x_lc_rd_eabi.lib</file>
         <name>copy_decompress_none.obj</name>
      </input_file>
      <input_file id="fl-32">
         <path>C:\ti\ccsv6\tools\compiler\msp430_15.12.3.LTS\lib\</path>
         <kind>archive</kind>
         <file>rts430x_lc_rd_eabi.lib</file>
         <name>copy_decompress_rle.obj</name>
      </input_file>
      <input_file id="fl-33">
         <path>C:\ti\ccsv6\tools\compiler\msp430_15.12.3.LTS\lib\</path>
         <kind>archive</kind>
         <file>rts430x_lc_rd_eabi.lib</file>
         <name>copy_zero_init.obj</name>
      </input_file>
      <input_file id="fl-34">
         <path>C:\ti\ccsv6\tools\compiler\msp430_15.12.3.LTS\lib\</path>
         <kind>archive</kind>
         <file>rts430x_lc_rd_eabi.lib</file>
         <name>div16u.obj</name>
      </input_file>
      <input_file id="fl-35">
         <path>C:\ti\ccsv6\tools\compiler\msp430_15.12.3.LTS\lib\</path>
         <kind>archive</kind>
         <file>rts430x_lc_rd_eabi.lib</file>
         <name>div32s.obj</name>
      </input_file>
      <input_file id="fl-36">
         <path>C:\ti\ccsv6\tools\compiler\msp430_15.12.3.LTS\lib\</path>
         <kind>archive</kind>
         <file>rts430x_lc_rd_eabi.lib</file>
         <name>div32u.obj</name>
      </input_file>
      <input_file id="fl-37">
         <path>C:\ti\ccsv6\tools\compiler\msp430_15.12.3.LTS\lib\</path>
         <kind>archive</kind>
         <file>rts430x_lc_rd_eabi.lib</file>
         <name>divd.obj</name>
      </input_file>
      <input_file id="fl-38">
         <path>C:\ti\ccsv6\tools\compiler\msp430_15.12.3.LTS\lib\</path>
         <kind>archive</kind>
         <file>rts430x_lc_rd_eabi.lib</file>
         <name>exit.obj</name>
      </input_file>
      <input_file id="fl-39">
         <path>C:\ti\ccsv6\tools\compiler\msp430_15.12.3.LTS\lib\</path>
         <kind>archive</kind>
         <file>rts430x_lc_rd_eabi.lib</file>
         <name>exit_gvars.obj</name>
      </input_file>
      <input_file id="fl-3a">
         <path>C:\ti\ccsv6\tools\compiler\msp430_15.12.3.LTS\lib\</path>
         <kind>archive</kind>
         <file>rts430x_lc_rd_eabi.lib</file>
         <name>fixdu.obj</name>
      </input_file>
      <input_file id="fl-3b">
         <path>C:\ti\ccsv6\tools\compiler\msp430_15.12.3.LTS\lib\</path>
         <kind>archive</kind>
         <file>rts430x_lc_rd_eabi.lib</file>
         <name>fixdul.obj</name>
      </input_file>
      <input_file id="fl-3c">
         <path>C:\ti\ccsv6\tools\compiler\msp430_15.12.3.LTS\lib\</path>
         <kind>archive</kind>
         <file>rts430x_lc_rd_eabi.lib</file>
         <name>fltud.obj</name>
      </input_file>
      <input_file id="fl-3d">
         <path>C:\ti\ccsv6\tools\compiler\msp430_15.12.3.LTS\lib\</path>
         <kind>archive</kind>
         <file>rts430x_lc_rd_eabi.lib</file>
         <name>fltuld.obj</name>
      </input_file>
      <input_file id="fl-3e">
         <path>C:\ti\ccsv6\tools\compiler\msp430_15.12.3.LTS\lib\</path>
         <kind>archive</kind>
         <file>rts430x_lc_rd_eabi.lib</file>
         <name>frcdivd.obj</name>
      </input_file>
      <input_file id="fl-3f">
         <path>C:\ti\ccsv6\tools\compiler\msp430_15.12.3.LTS\lib\</path>
         <kind>archive</kind>
         <file>rts430x_lc_rd_eabi.lib</file>
         <name>int41.obj</name>
      </input_file>
      <input_file id="fl-40">
         <path>C:\ti\ccsv6\tools\compiler\msp430_15.12.3.LTS\lib\</path>
         <kind>archive</kind>
         <file>rts430x_lc_rd_eabi.lib</file>
         <name>int42.obj</name>
      </input_file>
      <input_file id="fl-41">
         <path>C:\ti\ccsv6\tools\compiler\msp430_15.12.3.LTS\lib\</path>
         <kind>archive</kind>
         <file>rts430x_lc_rd_eabi.lib</file>
         <name>int43.obj</name>
      </input_file>
      <input_file id="fl-42">
         <path>C:\ti\ccsv6\tools\compiler\msp430_15.12.3.LTS\lib\</path>
         <kind>archive</kind>
         <file>rts430x_lc_rd_eabi.lib</file>
         <name>int45.obj</name>
      </input_file>
      <input_file id="fl-43">
         <path>C:\ti\ccsv6\tools\compiler\msp430_15.12.3.LTS\lib\</path>
         <kind>archive</kind>
         <file>rts430x_lc_rd_eabi.lib</file>
         <name>int47.obj</name>
      </input_file>
      <input_file id="fl-44">
         <path>C:\ti\ccsv6\tools\compiler\msp430_15.12.3.LTS\lib\</path>
         <kind>archive</kind>
         <file>rts430x_lc_rd_eabi.lib</file>
         <name>int48.obj</name>
      </input_file>
      <input_file id="fl-45">
         <path>C:\ti\ccsv6\tools\compiler\msp430_15.12.3.LTS\lib\</path>
         <kind>archive</kind>
         <file>rts430x_lc_rd_eabi.lib</file>
         <name>int50.obj</name>
      </input_file>
      <input_file id="fl-46">
         <path>C:\ti\ccsv6\tools\compiler\msp430_15.12.3.LTS\lib\</path>
         <kind>archive</kind>
         <file>rts430x_lc_rd_eabi.lib</file>
         <name>int51.obj</name>
      </input_file>
      <input_file id="fl-47">
         <path>C:\ti\ccsv6\tools\compiler\msp430_15.12.3.LTS\lib\</path>
         <kind>archive</kind>
         <file>rts430x_lc_rd_eabi.lib</file>
         <name>int52.obj</name>
      </input_file>
      <input_file id="fl-48">
         <path>C:\ti\ccsv6\tools\compiler\msp430_15.12.3.LTS\lib\</path>
         <kind>archive</kind>
         <file>rts430x_lc_rd_eabi.lib</file>
         <name>int53.obj</name>
      </input_file>
      <input_file id="fl-49">
         <path>C:\ti\ccsv6\tools\compiler\msp430_15.12.3.LTS\lib\</path>
         <kind>archive</kind>
         <file>rts430x_lc_rd_eabi.lib</file>
         <name>int54.obj</name>
      </input_file>
      <input_file id="fl-4a">
         <path>C:\ti\ccsv6\tools\compiler\msp430_15.12.3.LTS\lib\</path>
         <kind>archive</kind>
         <file>rts430x_lc_rd_eabi.lib</file>
         <name>int55.obj</name>
      </input_file>
      <input_file id="fl-4b">
         <path>C:\ti\ccsv6\tools\compiler\msp430_15.12.3.LTS\lib\</path>
         <kind>archive</kind>
         <file>rts430x_lc_rd_eabi.lib</file>
         <name>int56.obj</name>
      </input_file>
      <input_file id="fl-4c">
         <path>C:\ti\ccsv6\tools\compiler\msp430_15.12.3.LTS\lib\</path>
         <kind>archive</kind>
         <file>rts430x_lc_rd_eabi.lib</file>
         <name>int57.obj</name>
      </input_file>
      <input_file id="fl-4d">
         <path>C:\ti\ccsv6\tools\compiler\msp430_15.12.3.LTS\lib\</path>
         <kind>archive</kind>
         <file>rts430x_lc_rd_eabi.lib</file>
         <name>int58.obj</name>
      </input_file>
      <input_file id="fl-4e">
         <path>C:\ti\ccsv6\tools\compiler\msp430_15.12.3.LTS\lib\</path>
         <kind>archive</kind>
         <file>rts430x_lc_rd_eabi.lib</file>
         <name>int59.obj</name>
      </input_file>
      <input_file id="fl-4f">
         <path>C:\ti\ccsv6\tools\compiler\msp430_15.12.3.LTS\lib\</path>
         <kind>archive</kind>
         <file>rts430x_lc_rd_eabi.lib</file>
         <name>int60.obj</name>
      </input_file>
      <input_file id="fl-50">
         <path>C:\ti\ccsv6\tools\compiler\msp430_15.12.3.LTS\lib\</path>
         <kind>archive</kind>
         <file>rts430x_lc_rd_eabi.lib</file>
         <name>int61.obj</name>
      </input_file>
      <input_file id="fl-51">
         <path>C:\ti\ccsv6\tools\compiler\msp430_15.12.3.LTS\lib\</path>
         <kind>archive</kind>
         <file>rts430x_lc_rd_eabi.lib</file>
         <name>int62.obj</name>
      </input_file>
      <input_file id="fl-52">
         <path>C:\ti\ccsv6\tools\compiler\msp430_15.12.3.LTS\lib\</path>
         <kind>archive</kind>
         <file>rts430x_lc_rd_eabi.lib</file>
         <name>isr_trap.obj</name>
      </input_file>
      <input_file id="fl-53">
         <path>C:\ti\ccsv6\tools\compiler\msp430_15.12.3.LTS\lib\</path>
         <kind>archive</kind>
         <file>rts430x_lc_rd_eabi.lib</file>
         <name>lsl32.obj</name>
      </input_file>
      <input_file id="fl-54">
         <path>C:\ti\ccsv6\tools\compiler\msp430_15.12.3.LTS\lib\</path>
         <kind>archive</kind>
         <file>rts430x_lc_rd_eabi.lib</file>
         <name>lsr32.obj</name>
      </input_file>
      <input_file id="fl-55">
         <path>C:\ti\ccsv6\tools\compiler\msp430_15.12.3.LTS\lib\</path>
         <kind>archive</kind>
         <file>rts430x_lc_rd_eabi.lib</file>
         <name>lsr64.obj</name>
      </input_file>
      <input_file id="fl-56">
         <path>C:\ti\ccsv6\tools\compiler\msp430_15.12.3.LTS\lib\</path>
         <kind>archive</kind>
         <file>rts430x_lc_rd_eabi.lib</file>
         <name>memcpy.obj</name>
      </input_file>
      <input_file id="fl-57">
         <path>C:\ti\ccsv6\tools\compiler\msp430_15.12.3.LTS\lib\</path>
         <kind>archive</kind>
         <file>rts430x_lc_rd_eabi.lib</file>
         <name>mpu_init.obj</name>
      </input_file>
      <input_file id="fl-58">
         <path>C:\ti\ccsv6\tools\compiler\msp430_15.12.3.LTS\lib\</path>
         <kind>archive</kind>
         <file>rts430x_lc_rd_eabi.lib</file>
         <name>mpyd.obj</name>
      </input_file>
      <input_file id="fl-59">
         <path>C:\ti\ccsv6\tools\compiler\msp430_15.12.3.LTS\lib\</path>
         <kind>archive</kind>
         <file>rts430x_lc_rd_eabi.lib</file>
         <name>mult16.obj</name>
      </input_file>
      <input_file id="fl-5a">
         <path>C:\ti\ccsv6\tools\compiler\msp430_15.12.3.LTS\lib\</path>
         <kind>archive</kind>
         <file>rts430x_lc_rd_eabi.lib</file>
         <name>mult1632_f5hw.obj</name>
      </input_file>
      <input_file id="fl-5b">
         <path>C:\ti\ccsv6\tools\compiler\msp430_15.12.3.LTS\lib\</path>
         <kind>archive</kind>
         <file>rts430x_lc_rd_eabi.lib</file>
         <name>mult16_f5hw.obj</name>
      </input_file>
      <input_file id="fl-5c">
         <path>C:\ti\ccsv6\tools\compiler\msp430_15.12.3.LTS\lib\</path>
         <kind>archive</kind>
         <file>rts430x_lc_rd_eabi.lib</file>
         <name>mult32.obj</name>
      </input_file>
      <input_file id="fl-5d">
         <path>C:\ti\ccsv6\tools\compiler\msp430_15.12.3.LTS\lib\</path>
         <kind>archive</kind>
         <file>rts430x_lc_rd_eabi.lib</file>
         <name>mult3264_f5hw.obj</name>
      </input_file>
      <input_file id="fl-5e">
         <path>C:\ti\ccsv6\tools\compiler\msp430_15.12.3.LTS\lib\</path>
         <kind>archive</kind>
         <file>rts430x_lc_rd_eabi.lib</file>
         <name>mult32_f5hw.obj</name>
      </input_file>
      <input_file id="fl-5f">
         <path>C:\ti\ccsv6\tools\compiler\msp430_15.12.3.LTS\lib\</path>
         <kind>archive</kind>
         <file>rts430x_lc_rd_eabi.lib</file>
         <name>mult64_f5hw.obj</name>
      </input_file>
      <input_file id="fl-60">
         <path>C:\ti\ccsv6\tools\compiler\msp430_15.12.3.LTS\lib\</path>
         <kind>archive</kind>
         <file>rts430x_lc_rd_eabi.lib</file>
         <name>pre_init.obj</name>
      </input_file>
      <input_file id="fl-61">
         <path>C:\ti\ccsv6\tools\compiler\msp430_15.12.3.LTS\lib\</path>
         <kind>archive</kind>
         <file>rts430x_lc_rd_eabi.lib</file>
         <name>_lock.obj</name>
      </input_file>
      <input_file id="fl-62">
         <path>C:\ti\ccsv6\tools\compiler\msp430_15.12.3.LTS\lib\</path>
         <kind>archive</kind>
         <file>rts430x_lc_rd_eabi.lib</file>
         <name>args_main.obj</name>
      </input_file>
      <input_file id="fl-63">
         <path>C:\ti\ccsv6\tools\compiler\msp430_15.12.3.LTS\lib\</path>
         <kind>archive</kind>
         <file>rts430x_lc_rd_eabi.lib</file>
         <name>asr32.obj</name>
      </input_file>
      <input_file id="fl-64">
         <path>C:\ti\ccsv6\tools\compiler\msp430_15.12.3.LTS\lib\</path>
         <kind>archive</kind>
         <file>rts430x_lc_rd_eabi.lib</file>
         <name>autoinit_wdt.obj</name>
      </input_file>
      <input_file id="fl-65">
         <path>C:\ti\ccsv6\tools\compiler\msp430_15.12.3.LTS\lib\</path>
         <kind>archive</kind>
         <file>rts430x_lc_rd_eabi.lib</file>
         <name>cpy_tbl.obj</name>
      </input_file>
      <input_file id="fl-66">
         <path>C:\ti\ccsv6\tools\compiler\msp430_15.12.3.LTS\lib\</path>
         <kind>archive</kind>
         <file>rts430x_lc_rd_eabi.lib</file>
         <name>frcmpyd.obj</name>
      </input_file>
      <input_file id="fl-67">
         <path>C:\ti\ccsv6\tools\compiler\msp430_15.12.3.LTS\lib\</path>
         <kind>archive</kind>
         <file>rts430x_lc_rd_eabi.lib</file>
         <name>startup.obj</name>
      </input_file>
   </input_file_list>
   <object_component_list>
      <object_component id="oc-46f">
         <name>.bss</name>
         <uninitialized>true</uninitialized>
         <run_address>0x2ca4</run_address>
         <size>0x8</size>
         <input_file_ref idref="fl-2"/>
      </object_component>
      <object_component id="oc-472">
         <name>.bss:uart_tx_fifo</name>
         <uninitialized>true</uninitialized>
         <run_address>0x2c84</run_address>
         <size>0x20</size>
         <input_file_ref idref="fl-2"/>
      </object_component>
      <object_component id="oc-475">
         <name>.bss:uart_rx_fifo</name>
         <uninitialized>true</uninitialized>
         <run_address>0x2c64</run_address>
         <size>0x20</size>
         <input_file_ref idref="fl-2"/>
      </object_component>
      <object_component id="oc-630">
         <name>.bss</name>
         <uninitialized>true</uninitialized>
         <run_address>0x2cb4</run_address>
         <size>0x6</size>
         <input_file_ref idref="fl-5"/>
      </object_component>
      <object_component id="oc-647">
         <name>.bss:game_engine_cars</name>
         <uninitialized>true</uninitialized>
         <run_address>0x2c3c</run_address>
         <size>0x28</size>
         <input_file_ref idref="fl-5"/>
      </object_component>
      <object_component id="oc-613">
         <name>.bss</name>
         <uninitialized>true</uninitialized>
         <run_address>0x2cbe</run_address>
         <size>0x2</size>
         <input_file_ref idref="fl-b"/>
      </object_component>
      <object_component id="oc-449">
         <name>.bss:sound_state</name>
         <uninitialized>true</uninitialized>
         <run_address>0x2cac</run_address>
         <size>0x8</size>
         <input_file_ref idref="fl-c"/>
      </object_component>
      <object_component id="oc-446">
         <name>.bss</name>
         <uninitialized>true</uninitialized>
         <run_address>0x2cba</run_address>
         <size>0x3</size>
         <input_file_ref idref="fl-c"/>
      </object_component>
      <object_component id="oc-68a">
         <name>.data</name>
         <load_address>0x2c36</load_address>
         <run_address>0x2c36</run_address>
         <size>0x3</size>
         <input_file_ref idref="fl-3"/>
      </object_component>
      <object_component id="oc-661">
         <name>.data:game_engine_frog</name>
         <load_address>0x2c00</load_address>
         <run_address>0x2c00</run_address>
         <size>0x28</size>
         <input_file_ref idref="fl-5"/>
      </object_component>
      <object_component id="oc-639">
         <name>.data:game_engine_strawberry</name>
         <load_address>0x2c28</load_address>
         <run_address>0x2c28</run_address>
         <size>0xa</size>
         <input_file_ref idref="fl-5"/>
      </object_component>
      <object_component id="oc-635">
         <name>.data</name>
         <load_address>0x2c32</load_address>
         <run_address>0x2c32</run_address>
         <size>0x4</size>
         <input_file_ref idref="fl-5"/>
      </object_component>
      <object_component id="oc-68d">
         <name>.data</name>
         <load_address>0x2c3a</load_address>
         <run_address>0x2c3a</run_address>
         <size>0x2</size>
         <input_file_ref idref="fl-6"/>
      </object_component>
      <object_component id="oc-6d8">
         <name>.data:lcd_screen_buffer</name>
         <load_address>0x2400</load_address>
         <run_address>0x2400</run_address>
         <size>0x800</size>
         <input_file_ref idref="fl-7"/>
      </object_component>
      <object_component id="oc-3bd">
         <name>.stack</name>
         <uninitialized>true</uninitialized>
         <run_address>0x4360</run_address>
         <size>0x4</size>
         <input_file_ref idref="fl-2f"/>
      </object_component>
      <object_component id="oc-8c5">
         <name>.stack</name>
         <uninitialized>true</uninitialized>
         <run_address>0x4360</run_address>
         <size>0x0</size>
      </object_component>
      <object_component id="oc-5c1">
         <name>.text:__TI_frcdivd</name>
         <load_address>0x10000</load_address>
         <run_address>0x10000</run_address>
         <size>0x486</size>
         <input_file_ref idref="fl-3e"/>
      </object_component>
      <object_component id="oc-5ce">
         <name>.text:__TI_frcmpyd</name>
         <load_address>0x10486</load_address>
         <run_address>0x10486</run_address>
         <size>0x2e4</size>
         <input_file_ref idref="fl-66"/>
      </object_component>
      <object_component id="oc-45d">
         <name>.text:__mspabi_mpyd</name>
         <load_address>0x1076a</load_address>
         <run_address>0x1076a</run_address>
         <size>0x282</size>
         <input_file_ref idref="fl-58"/>
      </object_component>
      <object_component id="oc-457">
         <name>.text:__mspabi_divd</name>
         <load_address>0x109ec</load_address>
         <run_address>0x109ec</run_address>
         <size>0x222</size>
         <input_file_ref idref="fl-37"/>
      </object_component>
      <object_component id="oc-4b6">
         <name>.text:lcd_init</name>
         <load_address>0x10c0e</load_address>
         <run_address>0x10c0e</run_address>
         <size>0x156</size>
         <input_file_ref idref="fl-7"/>
      </object_component>
      <object_component id="oc-6bc">
         <name>.text:lcd_print_udec_on_buffer</name>
         <load_address>0x10d64</load_address>
         <run_address>0x10d64</run_address>
         <size>0x13e</size>
         <input_file_ref idref="fl-7"/>
      </object_component>
      <object_component id="oc-419">
         <name>.text:main</name>
         <load_address>0x10ea2</load_address>
         <run_address>0x10ea2</run_address>
         <size>0x132</size>
         <input_file_ref idref="fl-9"/>
      </object_component>
      <object_component id="oc-6b4">
         <name>.text:lcd_print_on_buffer</name>
         <load_address>0x10fd4</load_address>
         <run_address>0x10fd4</run_address>
         <size>0x130</size>
         <input_file_ref idref="fl-7"/>
      </object_component>
      <object_component id="oc-690">
         <name>.text:game_engine_move_frog</name>
         <load_address>0x11104</load_address>
         <run_address>0x11104</run_address>
         <size>0x11a</size>
         <input_file_ref idref="fl-5"/>
      </object_component>
      <object_component id="oc-7df">
         <name>.text:lcd_print_char_on_buffer</name>
         <load_address>0x1121e</load_address>
         <run_address>0x1121e</run_address>
         <size>0x10e</size>
         <input_file_ref idref="fl-7"/>
      </object_component>
      <object_component id="oc-55e">
         <name>.text:lcd_display_buffer</name>
         <load_address>0x1132c</load_address>
         <run_address>0x1132c</run_address>
         <size>0xfc</size>
         <input_file_ref idref="fl-7"/>
      </object_component>
      <object_component id="oc-4ec">
         <name>.text:game_engine_reset_entities</name>
         <load_address>0x11428</load_address>
         <run_address>0x11428</run_address>
         <size>0xde</size>
         <input_file_ref idref="fl-5"/>
      </object_component>
      <object_component id="oc-673">
         <name>.text:sound_play</name>
         <load_address>0x11506</load_address>
         <run_address>0x11506</run_address>
         <size>0x9c</size>
         <input_file_ref idref="fl-c"/>
      </object_component>
      <object_component id="oc-6d2">
         <name>.text:lcd_set_draw_frame</name>
         <load_address>0x115a2</load_address>
         <run_address>0x115a2</run_address>
         <size>0x92</size>
         <input_file_ref idref="fl-7"/>
      </object_component>
      <object_component id="oc-3ff">
         <name>.text:_auto_init_hold_wdt</name>
         <load_address>0x11634</load_address>
         <run_address>0x11634</run_address>
         <size>0x82</size>
         <input_file_ref idref="fl-64"/>
      </object_component>
      <object_component id="oc-5ba">
         <name>.text:__mspabi_fltuld</name>
         <load_address>0x116b6</load_address>
         <run_address>0x116b6</run_address>
         <size>0x80</size>
         <input_file_ref idref="fl-3d"/>
      </object_component>
      <object_component id="oc-4a4">
         <name>.text:random_init</name>
         <load_address>0x11736</load_address>
         <run_address>0x11736</run_address>
         <size>0x6e</size>
         <input_file_ref idref="fl-b"/>
      </object_component>
      <object_component id="oc-59a">
         <name>.text:game_engine_screen_game_over</name>
         <load_address>0x117a4</load_address>
         <run_address>0x117a4</run_address>
         <size>0x6a</size>
         <input_file_ref idref="fl-5"/>
      </object_component>
      <object_component id="oc-3ce">
         <name>.text:__TI_decompress_rle_core</name>
         <load_address>0x1180e</load_address>
         <run_address>0x1180e</run_address>
         <size>0x68</size>
         <input_file_ref idref="fl-32"/>
      </object_component>
      <object_component id="oc-5d6">
         <name>.text:__mspabi_fixdul</name>
         <load_address>0x11876</load_address>
         <run_address>0x11876</run_address>
         <size>0x68</size>
         <input_file_ref idref="fl-3b"/>
      </object_component>
      <object_component id="oc-51c">
         <name>.text:game_engine_strawberry_random_enable</name>
         <load_address>0x118de</load_address>
         <run_address>0x118de</run_address>
         <size>0x68</size>
         <input_file_ref idref="fl-5"/>
      </object_component>
      <object_component id="oc-47d">
         <name>.text:copy_in</name>
         <load_address>0x11946</load_address>
         <run_address>0x11946</run_address>
         <size>0x66</size>
         <input_file_ref idref="fl-65"/>
      </object_component>
      <object_component id="oc-564">
         <name>.text:game_engine_frog_ate_strawberry</name>
         <load_address>0x119ac</load_address>
         <run_address>0x119ac</run_address>
         <size>0x58</size>
         <input_file_ref idref="fl-5"/>
      </object_component>
      <object_component id="oc-552">
         <name>.text:game_engine_screen_draw_time</name>
         <load_address>0x11a04</load_address>
         <run_address>0x11a04</run_address>
         <size>0x58</size>
         <input_file_ref idref="fl-5"/>
      </object_component>
      <object_component id="oc-5b4">
         <name>.text</name>
         <load_address>0x11a5c</load_address>
         <run_address>0x11a5c</run_address>
         <size>0x58</size>
         <input_file_ref idref="fl-36"/>
      </object_component>
      <object_component id="oc-534">
         <name>.text:game_engine_move_all_cars</name>
         <load_address>0x11ab4</load_address>
         <run_address>0x11ab4</run_address>
         <size>0x54</size>
         <input_file_ref idref="fl-5"/>
      </object_component>
      <object_component id="oc-540">
         <name>.text:game_engine_screen_draw_all_entities</name>
         <load_address>0x11b08</load_address>
         <run_address>0x11b08</run_address>
         <size>0x4e</size>
         <input_file_ref idref="fl-5"/>
      </object_component>
      <object_component id="oc-4b0">
         <name>.text:clock_init</name>
         <load_address>0x11b56</load_address>
         <run_address>0x11b56</run_address>
         <size>0x4c</size>
         <input_file_ref idref="fl-4"/>
      </object_component>
      <object_component id="oc-6e6">
         <name>.text:game_engine_car_run_over_frog</name>
         <load_address>0x11ba2</load_address>
         <run_address>0x11ba2</run_address>
         <size>0x4c</size>
         <input_file_ref idref="fl-5"/>
      </object_component>
      <object_component id="oc-4aa">
         <name>.text:pmm_vcore</name>
         <load_address>0x11bee</load_address>
         <run_address>0x11bee</run_address>
         <size>0x44</size>
         <input_file_ref idref="fl-a"/>
      </object_component>
      <object_component id="oc-44c">
         <name>.text</name>
         <load_address>0x11c32</load_address>
         <run_address>0x11c32</run_address>
         <size>0x40</size>
         <input_file_ref idref="fl-35"/>
      </object_component>
      <object_component id="oc-720">
         <name>.text:l_asr_const</name>
         <load_address>0x11c72</load_address>
         <run_address>0x11c72</run_address>
         <size>0x3e</size>
         <input_file_ref idref="fl-63"/>
      </object_component>
      <object_component id="oc-70f">
         <name>.text:l_lsl_const</name>
         <load_address>0x11cb0</load_address>
         <run_address>0x11cb0</run_address>
         <size>0x3e</size>
         <input_file_ref idref="fl-53"/>
      </object_component>
      <object_component id="oc-714">
         <name>.text:l_lsr_const</name>
         <load_address>0x11cee</load_address>
         <run_address>0x11cee</run_address>
         <size>0x3e</size>
         <input_file_ref idref="fl-54"/>
      </object_component>
      <object_component id="oc-7aa">
         <name>.text:game_engine_entity_validate_coordinates</name>
         <load_address>0x11d2c</load_address>
         <run_address>0x11d2c</run_address>
         <size>0x3a</size>
         <input_file_ref idref="fl-5"/>
      </object_component>
      <object_component id="oc-5a0">
         <name>.text:game_engine_wait_on_any_button_press</name>
         <load_address>0x11d66</load_address>
         <run_address>0x11d66</run_address>
         <size>0x38</size>
         <input_file_ref idref="fl-5"/>
      </object_component>
      <object_component id="oc-6ff">
         <name>.text:lcd_print_string_on_buffer</name>
         <load_address>0x11d9e</load_address>
         <run_address>0x11d9e</run_address>
         <size>0x38</size>
         <input_file_ref idref="fl-7"/>
      </object_component>
      <object_component id="oc-664">
         <name>.text:game_engine_cars_init</name>
         <load_address>0x11dd6</load_address>
         <run_address>0x11dd6</run_address>
         <size>0x34</size>
         <input_file_ref idref="fl-5"/>
      </object_component>
      <object_component id="oc-54c">
         <name>.text:game_engine_screen_draw_lives</name>
         <load_address>0x11e0a</load_address>
         <run_address>0x11e0a</run_address>
         <size>0x34</size>
         <input_file_ref idref="fl-5"/>
      </object_component>
      <object_component id="oc-528">
         <name>.text:game_engine_frog_action</name>
         <load_address>0x11e3e</load_address>
         <run_address>0x11e3e</run_address>
         <size>0x32</size>
         <input_file_ref idref="fl-5"/>
      </object_component>
      <object_component id="oc-6a4">
         <name>.text:game_engine_entity_move</name>
         <load_address>0x11e70</load_address>
         <run_address>0x11e70</run_address>
         <size>0x30</size>
         <input_file_ref idref="fl-5"/>
      </object_component>
      <object_component id="oc-4c2">
         <name>.text:buttons_init</name>
         <load_address>0x11ea0</load_address>
         <run_address>0x11ea0</run_address>
         <size>0x2c</size>
         <input_file_ref idref="fl-3"/>
      </object_component>
      <object_component id="oc-67d">
         <name>.text:joystick_read</name>
         <load_address>0x11ecc</load_address>
         <run_address>0x11ecc</run_address>
         <size>0x2c</size>
         <input_file_ref idref="fl-6"/>
      </object_component>
      <object_component id="oc-4bc">
         <name>.text:joystick_init</name>
         <load_address>0x11ef8</load_address>
         <run_address>0x11ef8</run_address>
         <size>0x28</size>
         <input_file_ref idref="fl-6"/>
      </object_component>
      <object_component id="oc-620">
         <name>.text:lcd_spi_init</name>
         <load_address>0x11f20</load_address>
         <run_address>0x11f20</run_address>
         <size>0x28</size>
         <input_file_ref idref="fl-7"/>
      </object_component>
      <object_component id="oc-626">
         <name>.text:timer_a0_delay_us</name>
         <load_address>0x11f48</load_address>
         <run_address>0x11f48</run_address>
         <size>0x26</size>
         <input_file_ref idref="fl-e"/>
      </object_component>
      <object_component id="oc-576">
         <name>.text:game_engine_any_car_run_over_frog</name>
         <load_address>0x11f6e</load_address>
         <run_address>0x11f6e</run_address>
         <size>0x24</size>
         <input_file_ref idref="fl-5"/>
      </object_component>
      <object_component id="oc-71b">
         <name>.text</name>
         <load_address>0x11f92</load_address>
         <run_address>0x11f92</run_address>
         <size>0x24</size>
         <input_file_ref idref="fl-5e"/>
      </object_component>
      <object_component id="oc-4c8">
         <name>.text:sound_init</name>
         <load_address>0x11fb6</load_address>
         <run_address>0x11fb6</run_address>
         <size>0x24</size>
         <input_file_ref idref="fl-c"/>
      </object_component>
      <object_component id="oc-6aa">
         <name>.text:game_engine_car_got_off_screen</name>
         <load_address>0x11fda</load_address>
         <run_address>0x11fda</run_address>
         <size>0x20</size>
         <input_file_ref idref="fl-5"/>
      </object_component>
      <object_component id="oc-558">
         <name>.text:game_engine_screen_draw_muted</name>
         <load_address>0x11ffa</load_address>
         <run_address>0x11ffa</run_address>
         <size>0x20</size>
         <input_file_ref idref="fl-5"/>
      </object_component>
      <object_component id="oc-697">
         <name>.text:button_mute_pressed</name>
         <load_address>0x1201a</load_address>
         <run_address>0x1201a</run_address>
         <size>0x1e</size>
         <input_file_ref idref="fl-3"/>
      </object_component>
      <object_component id="oc-683">
         <name>.text:buttons_read</name>
         <load_address>0x12038</load_address>
         <run_address>0x12038</run_address>
         <size>0x1c</size>
         <input_file_ref idref="fl-3"/>
      </object_component>
      <object_component id="oc-61a">
         <name>.text:lcd_port_init</name>
         <load_address>0x12054</load_address>
         <run_address>0x12054</run_address>
         <size>0x1a</size>
         <input_file_ref idref="fl-7"/>
      </object_component>
      <object_component id="oc-641">
         <name>.text:random</name>
         <load_address>0x1206e</load_address>
         <run_address>0x1206e</run_address>
         <size>0x1a</size>
         <input_file_ref idref="fl-b"/>
      </object_component>
      <object_component id="oc-5e4">
         <name>.text</name>
         <load_address>0x12088</load_address>
         <run_address>0x12088</run_address>
         <size>0x18</size>
         <input_file_ref idref="fl-5b"/>
      </object_component>
      <object_component id="oc-4f8">
         <name>.text:game_engine_frog_crossed_the_road</name>
         <load_address>0x120a0</load_address>
         <run_address>0x120a0</run_address>
         <size>0x16</size>
         <input_file_ref idref="fl-5"/>
      </object_component>
      <object_component id="oc-6f8">
         <name>.text:lcd_clear_buffer</name>
         <load_address>0x120b6</load_address>
         <run_address>0x120b6</run_address>
         <size>0x16</size>
         <input_file_ref idref="fl-7"/>
      </object_component>
      <object_component id="oc-656">
         <name>.text</name>
         <load_address>0x120cc</load_address>
         <run_address>0x120cc</run_address>
         <size>0x16</size>
         <input_file_ref idref="fl-34"/>
      </object_component>
      <object_component id="oc-7a4">
         <name>.text:game_engine_play_sound_frog_jump</name>
         <load_address>0x120e2</load_address>
         <run_address>0x120e2</run_address>
         <size>0x14</size>
         <input_file_ref idref="fl-5"/>
      </object_component>
      <object_component id="oc-3c1">
         <name>.text:memcpy</name>
         <load_address>0x120f6</load_address>
         <run_address>0x120f6</run_address>
         <size>0x14</size>
         <input_file_ref idref="fl-56"/>
      </object_component>
      <object_component id="oc-4f2">
         <name>.text:timer_a1_init_20Hz</name>
         <load_address>0x1210a</load_address>
         <run_address>0x1210a</run_address>
         <size>0x14</size>
         <input_file_ref idref="fl-e"/>
      </object_component>
      <object_component id="oc-463">
         <name>.text:__mspabi_fixdu</name>
         <load_address>0x1211e</load_address>
         <run_address>0x1211e</run_address>
         <size>0x12</size>
         <input_file_ref idref="fl-3a"/>
      </object_component>
      <object_component id="oc-6d">
         <name>.text:decompress:none:__TI_decompress_none</name>
         <load_address>0x12130</load_address>
         <run_address>0x12130</run_address>
         <size>0x12</size>
         <input_file_ref idref="fl-31"/>
      </object_component>
      <object_component id="oc-52e">
         <name>.text:game_engine_sound_mute</name>
         <load_address>0x12142</load_address>
         <run_address>0x12142</run_address>
         <size>0x12</size>
         <input_file_ref idref="fl-5"/>
      </object_component>
      <object_component id="oc-72d">
         <name>.text:l_lsr</name>
         <load_address>0x12154</load_address>
         <run_address>0x12154</run_address>
         <size>0x10</size>
         <input_file_ref idref="fl-54"/>
      </object_component>
      <object_component id="oc-53a">
         <name>.text:game_engine_screen_draw_scenario</name>
         <load_address>0x12164</load_address>
         <run_address>0x12164</run_address>
         <size>0xe</size>
         <input_file_ref idref="fl-5"/>
      </object_component>
      <object_component id="oc-546">
         <name>.text:game_engine_screen_draw_score</name>
         <load_address>0x12172</load_address>
         <run_address>0x12172</run_address>
         <size>0xe</size>
         <input_file_ref idref="fl-5"/>
      </object_component>
      <object_component id="oc-588">
         <name>.text:game_engine_no_more_lives</name>
         <load_address>0x12180</load_address>
         <run_address>0x12180</run_address>
         <size>0xc</size>
         <input_file_ref idref="fl-5"/>
      </object_component>
      <object_component id="oc-57c">
         <name>.text:game_engine_no_more_time</name>
         <load_address>0x1218c</load_address>
         <run_address>0x1218c</run_address>
         <size>0xc</size>
         <input_file_ref idref="fl-5"/>
      </object_component>
      <object_component id="oc-56a">
         <name>.text:game_engine_play_sound_frog_ate_strawberry</name>
         <load_address>0x12198</load_address>
         <run_address>0x12198</run_address>
         <size>0xc</size>
         <input_file_ref idref="fl-5"/>
      </object_component>
      <object_component id="oc-50a">
         <name>.text:game_engine_play_sound_frog_crossed_road</name>
         <load_address>0x121a4</load_address>
         <run_address>0x121a4</run_address>
         <size>0xc</size>
         <input_file_ref idref="fl-5"/>
      </object_component>
      <object_component id="oc-504">
         <name>.text:timer_a1_stop</name>
         <load_address>0x121b0</load_address>
         <run_address>0x121b0</run_address>
         <size>0xc</size>
         <input_file_ref idref="fl-e"/>
      </object_component>
      <object_component id="oc-65b">
         <name>.text:game_engine_entity_force_position</name>
         <load_address>0x121bc</load_address>
         <run_address>0x121bc</run_address>
         <size>0xa</size>
         <input_file_ref idref="fl-5"/>
      </object_component>
      <object_component id="oc-582">
         <name>.text:game_engine_play_sound_car_run_over_frog</name>
         <load_address>0x121c6</load_address>
         <run_address>0x121c6</run_address>
         <size>0xa</size>
         <input_file_ref idref="fl-5"/>
      </object_component>
      <object_component id="oc-594">
         <name>.text:game_engine_play_sound_game_over</name>
         <load_address>0x121d0</load_address>
         <run_address>0x121d0</run_address>
         <size>0xa</size>
         <input_file_ref idref="fl-5"/>
      </object_component>
      <object_component id="oc-522">
         <name>.text:game_engine_input_read</name>
         <load_address>0x121da</load_address>
         <run_address>0x121da</run_address>
         <size>0x8</size>
         <input_file_ref idref="fl-5"/>
      </object_component>
      <object_component id="oc-4d4">
         <name>.text:game_engine_reset_lives</name>
         <load_address>0x121e2</load_address>
         <run_address>0x121e2</run_address>
         <size>0x8</size>
         <input_file_ref idref="fl-5"/>
      </object_component>
      <object_component id="oc-4e6">
         <name>.text:game_engine_reset_time</name>
         <load_address>0x121ea</load_address>
         <run_address>0x121ea</run_address>
         <size>0x8</size>
         <input_file_ref idref="fl-5"/>
      </object_component>
      <object_component id="oc-69d">
         <name>.text:sound_switch</name>
         <load_address>0x121f2</load_address>
         <run_address>0x121f2</run_address>
         <size>0x8</size>
         <input_file_ref idref="fl-c"/>
      </object_component>
      <object_component id="oc-510">
         <name>.text:sound_wait_until_finish</name>
         <load_address>0x121fa</load_address>
         <run_address>0x121fa</run_address>
         <size>0x8</size>
         <input_file_ref idref="fl-c"/>
      </object_component>
      <object_component id="oc-451">
         <name>.text:__mspabi_fltud</name>
         <load_address>0x12202</load_address>
         <run_address>0x12202</run_address>
         <size>0x6</size>
         <input_file_ref idref="fl-3c"/>
      </object_component>
      <object_component id="oc-421">
         <name>.text:abort</name>
         <load_address>0x12208</load_address>
         <run_address>0x12208</run_address>
         <size>0x6</size>
         <input_file_ref idref="fl-38"/>
      </object_component>
      <object_component id="oc-73">
         <name>.text:decompress:rle24:__TI_decompress_rle24</name>
         <load_address>0x1220e</load_address>
         <run_address>0x1220e</run_address>
         <size>0x6</size>
         <input_file_ref idref="fl-32"/>
      </object_component>
      <object_component id="oc-58e">
         <name>.text:game_engine_dec_lives</name>
         <load_address>0x12214</load_address>
         <run_address>0x12214</run_address>
         <size>0x6</size>
         <input_file_ref idref="fl-5"/>
      </object_component>
      <object_component id="oc-4fe">
         <name>.text:game_engine_dec_time</name>
         <load_address>0x1221a</load_address>
         <run_address>0x1221a</run_address>
         <size>0x6</size>
         <input_file_ref idref="fl-5"/>
      </object_component>
      <object_component id="oc-570">
         <name>.text:game_engine_inc_lives</name>
         <load_address>0x12220</load_address>
         <run_address>0x12220</run_address>
         <size>0x6</size>
         <input_file_ref idref="fl-5"/>
      </object_component>
      <object_component id="oc-516">
         <name>.text:game_engine_inc_score</name>
         <load_address>0x12226</load_address>
         <run_address>0x12226</run_address>
         <size>0x6</size>
         <input_file_ref idref="fl-5"/>
      </object_component>
      <object_component id="oc-4ce">
         <name>.text:game_engine_reset_score</name>
         <load_address>0x1222c</load_address>
         <run_address>0x1222c</run_address>
         <size>0x6</size>
         <input_file_ref idref="fl-5"/>
      </object_component>
      <object_component id="oc-4da">
         <name>.text:game_engine_sound_muted_reset</name>
         <load_address>0x12232</load_address>
         <run_address>0x12232</run_address>
         <size>0x6</size>
         <input_file_ref idref="fl-5"/>
      </object_component>
      <object_component id="oc-4e0">
         <name>.text:game_engine_strawberry_disable</name>
         <load_address>0x12238</load_address>
         <run_address>0x12238</run_address>
         <size>0x6</size>
         <input_file_ref idref="fl-5"/>
      </object_component>
      <object_component id="oc-82a">
         <name>.text:sound_playing</name>
         <load_address>0x1223e</load_address>
         <run_address>0x1223e</run_address>
         <size>0x6</size>
         <input_file_ref idref="fl-c"/>
      </object_component>
      <object_component id="oc-3f9">
         <name>.text:_system_pre_init</name>
         <load_address>0x12244</load_address>
         <run_address>0x12244</run_address>
         <size>0x4</size>
         <input_file_ref idref="fl-60"/>
      </object_component>
      <object_component id="oc-483">
         <name>.text:_system_post_cinit</name>
         <load_address>0x12248</load_address>
         <run_address>0x12248</run_address>
         <size>0x2</size>
         <input_file_ref idref="fl-67"/>
      </object_component>
      <object_component id="oc-3e0">
         <name>.text:_isr:timer_a2_ccr0_isr</name>
         <load_address>0x4400</load_address>
         <run_address>0x4400</run_address>
         <size>0xc0</size>
         <input_file_ref idref="fl-c"/>
      </object_component>
      <object_component id="oc-3e6">
         <name>.text:_isr:uart_a1_isr</name>
         <load_address>0x44c0</load_address>
         <run_address>0x44c0</run_address>
         <size>0x5c</size>
         <input_file_ref idref="fl-2"/>
      </object_component>
      <object_component id="oc-ad">
         <name>.text:_isr:_c_int00_noargs_noexit</name>
         <load_address>0x451c</load_address>
         <run_address>0x451c</run_address>
         <size>0x1a</size>
         <input_file_ref idref="fl-30"/>
      </object_component>
      <object_component id="oc-3db">
         <name>.text:_isr:__TI_ISR_TRAP</name>
         <load_address>0x4536</load_address>
         <run_address>0x4536</run_address>
         <size>0x8</size>
         <input_file_ref idref="fl-52"/>
      </object_component>
      <object_component id="oc-3ec">
         <name>.text:_isr:timer_a1_ccr0_isr</name>
         <load_address>0x453e</load_address>
         <run_address>0x453e</run_address>
         <size>0x8</size>
         <input_file_ref idref="fl-5"/>
      </object_component>
      <object_component id="oc-8c4">
         <name>.cinit..data.load</name>
         <load_address>0x57ea</load_address>
         <run_address>0x57ea</run_address>
         <size>0x3d</size>
      </object_component>
      <object_component id="oc-8c3">
         <name>.cinit..bss.load</name>
         <load_address>0x5828</load_address>
         <run_address>0x5828</run_address>
         <size>0x9</size>
      </object_component>
      <object_component id="oc-8c1">
         <name>__TI_handler_table</name>
         <load_address>0x5832</load_address>
         <run_address>0x5832</run_address>
         <size>0x8</size>
      </object_component>
      <object_component id="oc-8c2">
         <name>__TI_cinit_table</name>
         <load_address>0x583a</load_address>
         <run_address>0x583a</run_address>
         <size>0x10</size>
      </object_component>
      <object_component id="oc-7b5">
         <name>.const:.string:scenario_img</name>
         <load_address>0x4546</load_address>
         <run_address>0x4546</run_address>
         <size>0x800</size>
         <input_file_ref idref="fl-d"/>
      </object_component>
      <object_component id="oc-83f">
         <name>.const:.string:lcd_ascii_img</name>
         <load_address>0x4d46</load_address>
         <run_address>0x4d46</run_address>
         <size>0x7cb</size>
         <input_file_ref idref="fl-7"/>
      </object_component>
      <object_component id="oc-7c1">
         <name>.const:.string:time_margin_img</name>
         <load_address>0x5512</load_address>
         <run_address>0x5512</run_address>
         <size>0x44</size>
         <input_file_ref idref="fl-d"/>
      </object_component>
      <object_component id="oc-762">
         <name>.const:.string:truck0_img</name>
         <load_address>0x5556</load_address>
         <run_address>0x5556</run_address>
         <size>0x31</size>
         <input_file_ref idref="fl-d"/>
      </object_component>
      <object_component id="oc-76c">
         <name>.const:.string:car0_img</name>
         <load_address>0x5588</load_address>
         <run_address>0x5588</run_address>
         <size>0x23</size>
         <input_file_ref idref="fl-d"/>
      </object_component>
      <object_component id="oc-767">
         <name>.const:.string:car1_img</name>
         <load_address>0x55ac</load_address>
         <run_address>0x55ac</run_address>
         <size>0x23</size>
         <input_file_ref idref="fl-d"/>
      </object_component>
      <object_component id="oc-7cb">
         <name>.const:.string:muted_img</name>
         <load_address>0x55d0</load_address>
         <run_address>0x55d0</run_address>
         <size>0x23</size>
         <input_file_ref idref="fl-d"/>
      </object_component>
      <object_component id="oc-75c">
         <name>.const:.string:trator0_img</name>
         <load_address>0x55f4</load_address>
         <run_address>0x55f4</run_address>
         <size>0x23</size>
         <input_file_ref idref="fl-d"/>
      </object_component>
      <object_component id="oc-6db">
         <name>.const:lcd_4bit_rgbi_palette</name>
         <load_address>0x5618</load_address>
         <run_address>0x5618</run_address>
         <size>0x20</size>
         <input_file_ref idref="fl-7"/>
      </object_component>
      <object_component id="oc-80f">
         <name>.const:.string:frog0_down_img</name>
         <load_address>0x5638</load_address>
         <run_address>0x5638</run_address>
         <size>0x19</size>
         <input_file_ref idref="fl-d"/>
      </object_component>
      <object_component id="oc-819">
         <name>.const:.string:frog0_left_img</name>
         <load_address>0x5652</load_address>
         <run_address>0x5652</run_address>
         <size>0x19</size>
         <input_file_ref idref="fl-d"/>
      </object_component>
      <object_component id="oc-823">
         <name>.const:.string:frog0_right_img</name>
         <load_address>0x566c</load_address>
         <run_address>0x566c</run_address>
         <size>0x19</size>
         <input_file_ref idref="fl-d"/>
      </object_component>
      <object_component id="oc-800">
         <name>.const:.string:frog0_up_img</name>
         <load_address>0x5686</load_address>
         <run_address>0x5686</run_address>
         <size>0x19</size>
         <input_file_ref idref="fl-d"/>
      </object_component>
      <object_component id="oc-80a">
         <name>.const:.string:frog1_down_img</name>
         <load_address>0x56a0</load_address>
         <run_address>0x56a0</run_address>
         <size>0x19</size>
         <input_file_ref idref="fl-d"/>
      </object_component>
      <object_component id="oc-814">
         <name>.const:.string:frog1_left_img</name>
         <load_address>0x56ba</load_address>
         <run_address>0x56ba</run_address>
         <size>0x19</size>
         <input_file_ref idref="fl-d"/>
      </object_component>
      <object_component id="oc-81e">
         <name>.const:.string:frog1_right_img</name>
         <load_address>0x56d4</load_address>
         <run_address>0x56d4</run_address>
         <size>0x19</size>
         <input_file_ref idref="fl-d"/>
      </object_component>
      <object_component id="oc-805">
         <name>.const:.string:frog1_up_img</name>
         <load_address>0x56ee</load_address>
         <run_address>0x56ee</run_address>
         <size>0x19</size>
         <input_file_ref idref="fl-d"/>
      </object_component>
      <object_component id="oc-7bc">
         <name>.const:.string:life_img</name>
         <load_address>0x5708</load_address>
         <run_address>0x5708</run_address>
         <size>0x19</size>
         <input_file_ref idref="fl-d"/>
      </object_component>
      <object_component id="oc-6fe">
         <name>.const:.string</name>
         <load_address>0x5722</load_address>
         <run_address>0x5722</run_address>
         <size>0x12</size>
         <input_file_ref idref="fl-5"/>
      </object_component>
      <object_component id="oc-7f1">
         <name>.const:.string:strawberry0_img</name>
         <load_address>0x5734</load_address>
         <run_address>0x5734</run_address>
         <size>0x12</size>
         <input_file_ref idref="fl-d"/>
      </object_component>
      <object_component id="oc-6e1">
         <name>.const:game_engine_sound_frog_ate_strawberry</name>
         <load_address>0x5746</load_address>
         <run_address>0x5746</run_address>
         <size>0xc</size>
         <input_file_ref idref="fl-5"/>
      </object_component>
      <object_component id="oc-670">
         <name>.const:game_engine_sound_frog_crossed_road</name>
         <load_address>0x5752</load_address>
         <run_address>0x5752</run_address>
         <size>0xc</size>
         <input_file_ref idref="fl-5"/>
      </object_component>
      <object_component id="oc-6ee">
         <name>.const:game_engine_sound_car_run_over_frog</name>
         <load_address>0x575e</load_address>
         <run_address>0x575e</run_address>
         <size>0x8</size>
         <input_file_ref idref="fl-5"/>
      </object_component>
      <object_component id="oc-830">
         <name>.const:game_engine_sound_frog_jump</name>
         <load_address>0x5766</load_address>
         <run_address>0x5766</run_address>
         <size>0x8</size>
         <input_file_ref idref="fl-5"/>
      </object_component>
      <object_component id="oc-6f4">
         <name>.const:game_engine_sound_game_over</name>
         <load_address>0x576e</load_address>
         <run_address>0x576e</run_address>
         <size>0x8</size>
         <input_file_ref idref="fl-5"/>
      </object_component>
      <object_component id="oc-653">
         <name>.const:sprite_car0</name>
         <load_address>0x5776</load_address>
         <run_address>0x5776</run_address>
         <size>0x6</size>
         <input_file_ref idref="fl-d"/>
      </object_component>
      <object_component id="oc-650">
         <name>.const:sprite_car1</name>
         <load_address>0x577c</load_address>
         <run_address>0x577c</run_address>
         <size>0x6</size>
         <input_file_ref idref="fl-d"/>
      </object_component>
      <object_component id="oc-77c">
         <name>.const:sprite_frog0_down</name>
         <load_address>0x5782</load_address>
         <run_address>0x5782</run_address>
         <size>0x6</size>
         <input_file_ref idref="fl-d"/>
      </object_component>
      <object_component id="oc-782">
         <name>.const:sprite_frog0_left</name>
         <load_address>0x5788</load_address>
         <run_address>0x5788</run_address>
         <size>0x6</size>
         <input_file_ref idref="fl-d"/>
      </object_component>
      <object_component id="oc-788">
         <name>.const:sprite_frog0_right</name>
         <load_address>0x578e</load_address>
         <run_address>0x578e</run_address>
         <size>0x6</size>
         <input_file_ref idref="fl-d"/>
      </object_component>
      <object_component id="oc-773">
         <name>.const:sprite_frog0_up</name>
         <load_address>0x5794</load_address>
         <run_address>0x5794</run_address>
         <size>0x6</size>
         <input_file_ref idref="fl-d"/>
      </object_component>
      <object_component id="oc-779">
         <name>.const:sprite_frog1_down</name>
         <load_address>0x579a</load_address>
         <run_address>0x579a</run_address>
         <size>0x6</size>
         <input_file_ref idref="fl-d"/>
      </object_component>
      <object_component id="oc-77f">
         <name>.const:sprite_frog1_left</name>
         <load_address>0x57a0</load_address>
         <run_address>0x57a0</run_address>
         <size>0x6</size>
         <input_file_ref idref="fl-d"/>
      </object_component>
      <object_component id="oc-785">
         <name>.const:sprite_frog1_right</name>
         <load_address>0x57a6</load_address>
         <run_address>0x57a6</run_address>
         <size>0x6</size>
         <input_file_ref idref="fl-d"/>
      </object_component>
      <object_component id="oc-776">
         <name>.const:sprite_frog1_up</name>
         <load_address>0x57ac</load_address>
         <run_address>0x57ac</run_address>
         <size>0x6</size>
         <input_file_ref idref="fl-d"/>
      </object_component>
      <object_component id="oc-6c3">
         <name>.const:sprite_life</name>
         <load_address>0x57b2</load_address>
         <run_address>0x57b2</run_address>
         <size>0x6</size>
         <input_file_ref idref="fl-d"/>
      </object_component>
      <object_component id="oc-6ce">
         <name>.const:sprite_muted</name>
         <load_address>0x57b8</load_address>
         <run_address>0x57b8</run_address>
         <size>0x6</size>
         <input_file_ref idref="fl-d"/>
      </object_component>
      <object_component id="oc-6b1">
         <name>.const:sprite_scenario</name>
         <load_address>0x57be</load_address>
         <run_address>0x57be</run_address>
         <size>0x6</size>
         <input_file_ref idref="fl-d"/>
      </object_component>
      <object_component id="oc-74d">
         <name>.const:sprite_strawberry0</name>
         <load_address>0x57c4</load_address>
         <run_address>0x57c4</run_address>
         <size>0x6</size>
         <input_file_ref idref="fl-d"/>
      </object_component>
      <object_component id="oc-6ca">
         <name>.const:sprite_time</name>
         <load_address>0x57ca</load_address>
         <run_address>0x57ca</run_address>
         <size>0x6</size>
         <input_file_ref idref="fl-d"/>
      </object_component>
      <object_component id="oc-6c7">
         <name>.const:sprite_time_margin</name>
         <load_address>0x57d0</load_address>
         <run_address>0x57d0</run_address>
         <size>0x6</size>
         <input_file_ref idref="fl-d"/>
      </object_component>
      <object_component id="oc-64a">
         <name>.const:sprite_trator0</name>
         <load_address>0x57d6</load_address>
         <run_address>0x57d6</run_address>
         <size>0x6</size>
         <input_file_ref idref="fl-d"/>
      </object_component>
      <object_component id="oc-64d">
         <name>.const:sprite_truck0</name>
         <load_address>0x57dc</load_address>
         <run_address>0x57dc</run_address>
         <size>0x6</size>
         <input_file_ref idref="fl-d"/>
      </object_component>
      <object_component id="oc-63e">
         <name>.const:.string:$P$T0$2</name>
         <load_address>0x57e2</load_address>
         <run_address>0x57e2</run_address>
         <size>0x4</size>
         <input_file_ref idref="fl-5"/>
      </object_component>
      <object_component id="oc-7c6">
         <name>.const:.string:time_img</name>
         <load_address>0x57e6</load_address>
         <run_address>0x57e6</run_address>
         <size>0x3</size>
         <input_file_ref idref="fl-d"/>
      </object_component>
      <object_component id="oc-85b">
         <name>.binit</name>
         <load_address>0x4400</load_address>
         <run_address>0x4400</run_address>
         <size>0x0</size>
      </object_component>
      <object_component id="oc-79">
         <name>.int41</name>
         <load_address>0xffd2</load_address>
         <run_address>0xffd2</run_address>
         <size>0x2</size>
         <input_file_ref idref="fl-3f"/>
      </object_component>
      <object_component id="oc-7a">
         <name>.int42</name>
         <load_address>0xffd4</load_address>
         <run_address>0xffd4</run_address>
         <size>0x2</size>
         <input_file_ref idref="fl-40"/>
      </object_component>
      <object_component id="oc-7b">
         <name>.int43</name>
         <load_address>0xffd6</load_address>
         <run_address>0xffd6</run_address>
         <size>0x2</size>
         <input_file_ref idref="fl-41"/>
      </object_component>
      <object_component id="oc-7c">
         <name>.int44</name>
         <load_address>0xffd8</load_address>
         <run_address>0xffd8</run_address>
         <size>0x2</size>
         <input_file_ref idref="fl-c"/>
      </object_component>
      <object_component id="oc-7d">
         <name>.int45</name>
         <load_address>0xffda</load_address>
         <run_address>0xffda</run_address>
         <size>0x2</size>
         <input_file_ref idref="fl-42"/>
      </object_component>
      <object_component id="oc-7e">
         <name>.int46</name>
         <load_address>0xffdc</load_address>
         <run_address>0xffdc</run_address>
         <size>0x2</size>
         <input_file_ref idref="fl-2"/>
      </object_component>
      <object_component id="oc-7f">
         <name>.int47</name>
         <load_address>0xffde</load_address>
         <run_address>0xffde</run_address>
         <size>0x2</size>
         <input_file_ref idref="fl-43"/>
      </object_component>
      <object_component id="oc-80">
         <name>.int48</name>
         <load_address>0xffe0</load_address>
         <run_address>0xffe0</run_address>
         <size>0x2</size>
         <input_file_ref idref="fl-44"/>
      </object_component>
      <object_component id="oc-81">
         <name>.int49</name>
         <load_address>0xffe2</load_address>
         <run_address>0xffe2</run_address>
         <size>0x2</size>
         <input_file_ref idref="fl-5"/>
      </object_component>
      <object_component id="oc-82">
         <name>.int50</name>
         <load_address>0xffe4</load_address>
         <run_address>0xffe4</run_address>
         <size>0x2</size>
         <input_file_ref idref="fl-45"/>
      </object_component>
      <object_component id="oc-83">
         <name>.int51</name>
         <load_address>0xffe6</load_address>
         <run_address>0xffe6</run_address>
         <size>0x2</size>
         <input_file_ref idref="fl-46"/>
      </object_component>
      <object_component id="oc-84">
         <name>.int52</name>
         <load_address>0xffe8</load_address>
         <run_address>0xffe8</run_address>
         <size>0x2</size>
         <input_file_ref idref="fl-47"/>
      </object_component>
      <object_component id="oc-85">
         <name>.int53</name>
         <load_address>0xffea</load_address>
         <run_address>0xffea</run_address>
         <size>0x2</size>
         <input_file_ref idref="fl-48"/>
      </object_component>
      <object_component id="oc-86">
         <name>.int54</name>
         <load_address>0xffec</load_address>
         <run_address>0xffec</run_address>
         <size>0x2</size>
         <input_file_ref idref="fl-49"/>
      </object_component>
      <object_component id="oc-87">
         <name>.int55</name>
         <load_address>0xffee</load_address>
         <run_address>0xffee</run_address>
         <size>0x2</size>
         <input_file_ref idref="fl-4a"/>
      </object_component>
      <object_component id="oc-88">
         <name>.int56</name>
         <load_address>0xfff0</load_address>
         <run_address>0xfff0</run_address>
         <size>0x2</size>
         <input_file_ref idref="fl-4b"/>
      </object_component>
      <object_component id="oc-89">
         <name>.int57</name>
         <load_address>0xfff2</load_address>
         <run_address>0xfff2</run_address>
         <size>0x2</size>
         <input_file_ref idref="fl-4c"/>
      </object_component>
      <object_component id="oc-8a">
         <name>.int58</name>
         <load_address>0xfff4</load_address>
         <run_address>0xfff4</run_address>
         <size>0x2</size>
         <input_file_ref idref="fl-4d"/>
      </object_component>
      <object_component id="oc-8b">
         <name>.int59</name>
         <load_address>0xfff6</load_address>
         <run_address>0xfff6</run_address>
         <size>0x2</size>
         <input_file_ref idref="fl-4e"/>
      </object_component>
      <object_component id="oc-8c">
         <name>.int60</name>
         <load_address>0xfff8</load_address>
         <run_address>0xfff8</run_address>
         <size>0x2</size>
         <input_file_ref idref="fl-4f"/>
      </object_component>
      <object_component id="oc-8d">
         <name>.int61</name>
         <load_address>0xfffa</load_address>
         <run_address>0xfffa</run_address>
         <size>0x2</size>
         <input_file_ref idref="fl-50"/>
      </object_component>
      <object_component id="oc-8e">
         <name>.int62</name>
         <load_address>0xfffc</load_address>
         <run_address>0xfffc</run_address>
         <size>0x2</size>
         <input_file_ref idref="fl-51"/>
      </object_component>
      <object_component id="oc-3c0">
         <name>.reset</name>
         <load_address>0xfffe</load_address>
         <run_address>0xfffe</run_address>
         <size>0x2</size>
         <input_file_ref idref="fl-2f"/>
      </object_component>
      <object_component id="oc-5df">
         <name>.debug_info</name>
         <load_address>0x0</load_address>
         <run_address>0x0</run_address>
         <size>0x2c8</size>
         <input_file_ref idref="fl-2"/>
      </object_component>
      <object_component id="oc-470">
         <name>.debug_info</name>
         <load_address>0x2c8</load_address>
         <run_address>0x2c8</run_address>
         <size>0x1a0</size>
         <input_file_ref idref="fl-2"/>
      </object_component>
      <object_component id="oc-473">
         <name>.debug_info</name>
         <load_address>0x468</load_address>
         <run_address>0x468</run_address>
         <size>0xe8</size>
         <input_file_ref idref="fl-2"/>
      </object_component>
      <object_component id="oc-476">
         <name>.debug_info</name>
         <load_address>0x550</load_address>
         <run_address>0x550</run_address>
         <size>0xe8</size>
         <input_file_ref idref="fl-2"/>
      </object_component>
      <object_component id="oc-3e7">
         <name>.debug_info</name>
         <load_address>0x638</load_address>
         <run_address>0x638</run_address>
         <size>0x14c</size>
         <input_file_ref idref="fl-2"/>
      </object_component>
      <object_component id="oc-42f">
         <name>.debug_info</name>
         <load_address>0x784</load_address>
         <run_address>0x784</run_address>
         <size>0x84</size>
         <input_file_ref idref="fl-2"/>
      </object_component>
      <object_component id="oc-46a">
         <name>.debug_info</name>
         <load_address>0x808</load_address>
         <run_address>0x808</run_address>
         <size>0x18b</size>
         <input_file_ref idref="fl-2"/>
      </object_component>
      <object_component id="oc-68b">
         <name>.debug_info</name>
         <load_address>0x993</load_address>
         <run_address>0x993</run_address>
         <size>0x134</size>
         <input_file_ref idref="fl-3"/>
      </object_component>
      <object_component id="oc-686">
         <name>.debug_info</name>
         <load_address>0xac7</load_address>
         <run_address>0xac7</run_address>
         <size>0x110</size>
         <input_file_ref idref="fl-3"/>
      </object_component>
      <object_component id="oc-4c3">
         <name>.debug_info</name>
         <load_address>0xbd7</load_address>
         <run_address>0xbd7</run_address>
         <size>0x110</size>
         <input_file_ref idref="fl-3"/>
      </object_component>
      <object_component id="oc-698">
         <name>.debug_info</name>
         <load_address>0xce7</load_address>
         <run_address>0xce7</run_address>
         <size>0x157</size>
         <input_file_ref idref="fl-3"/>
      </object_component>
      <object_component id="oc-4b2">
         <name>.debug_info</name>
         <load_address>0xe3e</load_address>
         <run_address>0xe3e</run_address>
         <size>0x106</size>
         <input_file_ref idref="fl-4"/>
      </object_component>
      <object_component id="oc-66b">
         <name>.debug_info</name>
         <load_address>0xf44</load_address>
         <run_address>0xf44</run_address>
         <size>0x7f1</size>
         <input_file_ref idref="fl-5"/>
      </object_component>
      <object_component id="oc-631">
         <name>.debug_info</name>
         <load_address>0x1735</load_address>
         <run_address>0x1735</run_address>
         <size>0x14f</size>
         <input_file_ref idref="fl-5"/>
      </object_component>
      <object_component id="oc-648">
         <name>.debug_info</name>
         <load_address>0x1884</load_address>
         <run_address>0x1884</run_address>
         <size>0xeb</size>
         <input_file_ref idref="fl-5"/>
      </object_component>
      <object_component id="oc-662">
         <name>.debug_info</name>
         <load_address>0x196f</load_address>
         <run_address>0x196f</run_address>
         <size>0xeb</size>
         <input_file_ref idref="fl-5"/>
      </object_component>
      <object_component id="oc-63a">
         <name>.debug_info</name>
         <load_address>0x1a5a</load_address>
         <run_address>0x1a5a</run_address>
         <size>0xf7</size>
         <input_file_ref idref="fl-5"/>
      </object_component>
      <object_component id="oc-636">
         <name>.debug_info</name>
         <load_address>0x1b51</load_address>
         <run_address>0x1b51</run_address>
         <size>0x171</size>
         <input_file_ref idref="fl-5"/>
      </object_component>
      <object_component id="oc-671">
         <name>.debug_info</name>
         <load_address>0x1cc2</load_address>
         <run_address>0x1cc2</run_address>
         <size>0x111</size>
         <input_file_ref idref="fl-5"/>
      </object_component>
      <object_component id="oc-6f5">
         <name>.debug_info</name>
         <load_address>0x1dd3</load_address>
         <run_address>0x1dd3</run_address>
         <size>0x101</size>
         <input_file_ref idref="fl-5"/>
      </object_component>
      <object_component id="oc-6ef">
         <name>.debug_info</name>
         <load_address>0x1ed4</load_address>
         <run_address>0x1ed4</run_address>
         <size>0x111</size>
         <input_file_ref idref="fl-5"/>
      </object_component>
      <object_component id="oc-831">
         <name>.debug_info</name>
         <load_address>0x1fe5</load_address>
         <run_address>0x1fe5</run_address>
         <size>0x101</size>
         <input_file_ref idref="fl-5"/>
      </object_component>
      <object_component id="oc-6e2">
         <name>.debug_info</name>
         <load_address>0x20e6</load_address>
         <run_address>0x20e6</run_address>
         <size>0x115</size>
         <input_file_ref idref="fl-5"/>
      </object_component>
      <object_component id="oc-63f">
         <name>.debug_info</name>
         <load_address>0x21fb</load_address>
         <run_address>0x21fb</run_address>
         <size>0xda</size>
         <input_file_ref idref="fl-5"/>
      </object_component>
      <object_component id="oc-3ed">
         <name>.debug_info</name>
         <load_address>0x22d5</load_address>
         <run_address>0x22d5</run_address>
         <size>0x12a</size>
         <input_file_ref idref="fl-5"/>
      </object_component>
      <object_component id="oc-5a1">
         <name>.debug_info</name>
         <load_address>0x23ff</load_address>
         <run_address>0x23ff</run_address>
         <size>0x1cd</size>
         <input_file_ref idref="fl-5"/>
      </object_component>
      <object_component id="oc-65c">
         <name>.debug_info</name>
         <load_address>0x25cc</load_address>
         <run_address>0x25cc</run_address>
         <size>0x19c</size>
         <input_file_ref idref="fl-5"/>
      </object_component>
      <object_component id="oc-51d">
         <name>.debug_info</name>
         <load_address>0x2768</load_address>
         <run_address>0x2768</run_address>
         <size>0x1e5</size>
         <input_file_ref idref="fl-5"/>
      </object_component>
      <object_component id="oc-4e1">
         <name>.debug_info</name>
         <load_address>0x294d</load_address>
         <run_address>0x294d</run_address>
         <size>0x143</size>
         <input_file_ref idref="fl-5"/>
      </object_component>
      <object_component id="oc-4db">
         <name>.debug_info</name>
         <load_address>0x2a90</load_address>
         <run_address>0x2a90</run_address>
         <size>0x13e</size>
         <input_file_ref idref="fl-5"/>
      </object_component>
      <object_component id="oc-52f">
         <name>.debug_info</name>
         <load_address>0x2bce</load_address>
         <run_address>0x2bce</run_address>
         <size>0x161</size>
         <input_file_ref idref="fl-5"/>
      </object_component>
      <object_component id="oc-59b">
         <name>.debug_info</name>
         <load_address>0x2d2f</load_address>
         <run_address>0x2d2f</run_address>
         <size>0x1b2</size>
         <input_file_ref idref="fl-5"/>
      </object_component>
      <object_component id="oc-553">
         <name>.debug_info</name>
         <load_address>0x2ee1</load_address>
         <run_address>0x2ee1</run_address>
         <size>0x19d</size>
         <input_file_ref idref="fl-5"/>
      </object_component>
      <object_component id="oc-547">
         <name>.debug_info</name>
         <load_address>0x307e</load_address>
         <run_address>0x307e</run_address>
         <size>0x15b</size>
         <input_file_ref idref="fl-5"/>
      </object_component>
      <object_component id="oc-53b">
         <name>.debug_info</name>
         <load_address>0x31d9</load_address>
         <run_address>0x31d9</run_address>
         <size>0x159</size>
         <input_file_ref idref="fl-5"/>
      </object_component>
      <object_component id="oc-559">
         <name>.debug_info</name>
         <load_address>0x3332</load_address>
         <run_address>0x3332</run_address>
         <size>0x15c</size>
         <input_file_ref idref="fl-5"/>
      </object_component>
      <object_component id="oc-54d">
         <name>.debug_info</name>
         <load_address>0x348e</load_address>
         <run_address>0x348e</run_address>
         <size>0x17a</size>
         <input_file_ref idref="fl-5"/>
      </object_component>
      <object_component id="oc-541">
         <name>.debug_info</name>
         <load_address>0x3608</load_address>
         <run_address>0x3608</run_address>
         <size>0x19d</size>
         <input_file_ref idref="fl-5"/>
      </object_component>
      <object_component id="oc-4e7">
         <name>.debug_info</name>
         <load_address>0x37a5</load_address>
         <run_address>0x37a5</run_address>
         <size>0x133</size>
         <input_file_ref idref="fl-5"/>
      </object_component>
      <object_component id="oc-4cf">
         <name>.debug_info</name>
         <load_address>0x38d8</load_address>
         <run_address>0x38d8</run_address>
         <size>0x135</size>
         <input_file_ref idref="fl-5"/>
      </object_component>
      <object_component id="oc-4d5">
         <name>.debug_info</name>
         <load_address>0x3a0d</load_address>
         <run_address>0x3a0d</run_address>
         <size>0x135</size>
         <input_file_ref idref="fl-5"/>
      </object_component>
      <object_component id="oc-665">
         <name>.debug_info</name>
         <load_address>0x3b42</load_address>
         <run_address>0x3b42</run_address>
         <size>0x152</size>
         <input_file_ref idref="fl-5"/>
      </object_component>
      <object_component id="oc-4ed">
         <name>.debug_info</name>
         <load_address>0x3c94</load_address>
         <run_address>0x3c94</run_address>
         <size>0x216</size>
         <input_file_ref idref="fl-5"/>
      </object_component>
      <object_component id="oc-595">
         <name>.debug_info</name>
         <load_address>0x3eaa</load_address>
         <run_address>0x3eaa</run_address>
         <size>0x150</size>
         <input_file_ref idref="fl-5"/>
      </object_component>
      <object_component id="oc-7a5">
         <name>.debug_info</name>
         <load_address>0x3ffa</load_address>
         <run_address>0x3ffa</run_address>
         <size>0x16a</size>
         <input_file_ref idref="fl-5"/>
      </object_component>
      <object_component id="oc-50b">
         <name>.debug_info</name>
         <load_address>0x4164</load_address>
         <run_address>0x4164</run_address>
         <size>0x160</size>
         <input_file_ref idref="fl-5"/>
      </object_component>
      <object_component id="oc-56b">
         <name>.debug_info</name>
         <load_address>0x42c4</load_address>
         <run_address>0x42c4</run_address>
         <size>0x164</size>
         <input_file_ref idref="fl-5"/>
      </object_component>
      <object_component id="oc-583">
         <name>.debug_info</name>
         <load_address>0x4428</load_address>
         <run_address>0x4428</run_address>
         <size>0x160</size>
         <input_file_ref idref="fl-5"/>
      </object_component>
      <object_component id="oc-57d">
         <name>.debug_info</name>
         <load_address>0x4588</load_address>
         <run_address>0x4588</run_address>
         <size>0x13b</size>
         <input_file_ref idref="fl-5"/>
      </object_component>
      <object_component id="oc-589">
         <name>.debug_info</name>
         <load_address>0x46c3</load_address>
         <run_address>0x46c3</run_address>
         <size>0x13d</size>
         <input_file_ref idref="fl-5"/>
      </object_component>
      <object_component id="oc-6a5">
         <name>.debug_info</name>
         <load_address>0x4800</load_address>
         <run_address>0x4800</run_address>
         <size>0x19f</size>
         <input_file_ref idref="fl-5"/>
      </object_component>
      <object_component id="oc-7ab">
         <name>.debug_info</name>
         <load_address>0x499f</load_address>
         <run_address>0x499f</run_address>
         <size>0x216</size>
         <input_file_ref idref="fl-5"/>
      </object_component>
      <object_component id="oc-691">
         <name>.debug_info</name>
         <load_address>0x4bb5</load_address>
         <run_address>0x4bb5</run_address>
         <size>0x23a</size>
         <input_file_ref idref="fl-5"/>
      </object_component>
      <object_component id="oc-6ab">
         <name>.debug_info</name>
         <load_address>0x4def</load_address>
         <run_address>0x4def</run_address>
         <size>0x161</size>
         <input_file_ref idref="fl-5"/>
      </object_component>
      <object_component id="oc-535">
         <name>.debug_info</name>
         <load_address>0x4f50</load_address>
         <run_address>0x4f50</run_address>
         <size>0x1d0</size>
         <input_file_ref idref="fl-5"/>
      </object_component>
      <object_component id="oc-523">
         <name>.debug_info</name>
         <load_address>0x5120</load_address>
         <run_address>0x5120</run_address>
         <size>0x152</size>
         <input_file_ref idref="fl-5"/>
      </object_component>
      <object_component id="oc-517">
         <name>.debug_info</name>
         <load_address>0x5272</load_address>
         <run_address>0x5272</run_address>
         <size>0x131</size>
         <input_file_ref idref="fl-5"/>
      </object_component>
      <object_component id="oc-571">
         <name>.debug_info</name>
         <load_address>0x53a3</load_address>
         <run_address>0x53a3</run_address>
         <size>0x131</size>
         <input_file_ref idref="fl-5"/>
      </object_component>
      <object_component id="oc-4f9">
         <name>.debug_info</name>
         <load_address>0x54d4</load_address>
[...]
         <object_component_ref idref="oc-510"/>
      </symbol>
      <symbol id="sm-701">
         <name>sound_playing</name>
         <value>0x1223e</value>
         <object_component_ref idref="oc-82a"/>
      </symbol>
      <symbol id="sm-7c8">
         <name>strawberry0_img</name>
         <value>0x5734</value>
         <object_component_ref idref="oc-7f1"/>
      </symbol>
      <symbol id="sm-7c9">
         <name>sprite_frog0_left</name>
         <value>0x5788</value>
         <object_component_ref idref="oc-782"/>
      </symbol>
      <symbol id="sm-7ca">
         <name>sprite_frog1_left</name>
         <value>0x57a0</value>
         <object_component_ref idref="oc-77f"/>
      </symbol>
      <symbol id="sm-7cb">
         <name>sprite_trator0</name>
         <value>0x57d6</value>
         <object_component_ref idref="oc-64a"/>
      </symbol>
      <symbol id="sm-7cc">
         <name>sprite_time</name>
         <value>0x57ca</value>
         <object_component_ref idref="oc-6ca"/>
      </symbol>
      <symbol id="sm-7cd">
         <name>sprite_frog0_up</name>
         <value>0x5794</value>
         <object_component_ref idref="oc-773"/>
      </symbol>
      <symbol id="sm-7ce">
         <name>sprite_frog1_down</name>
         <value>0x579a</value>
         <object_component_ref idref="oc-779"/>
      </symbol>
      <symbol id="sm-7cf">
         <name>sprite_frog0_down</name>
         <value>0x5782</value>
         <object_component_ref idref="oc-77c"/>
      </symbol>
      <symbol id="sm-7d0">
         <name>sprite_muted</name>
         <value>0x57b8</value>
         <object_component_ref idref="oc-6ce"/>
      </symbol>
      <symbol id="sm-7d1">
         <name>sprite_frog1_up</name>
         <value>0x57ac</value>
         <object_component_ref idref="oc-776"/>
      </symbol>
      <symbol id="sm-7d2">
         <name>time_img</name>
         <value>0x57e6</value>
         <object_component_ref idref="oc-7c6"/>
      </symbol>
      <symbol id="sm-7d3">
         <name>sprite_frog1_right</name>
         <value>0x57a6</value>
         <object_component_ref idref="oc-785"/>
      </symbol>
      <symbol id="sm-7d4">
         <name>sprite_time_margin</name>
         <value>0x57d0</value>
         <object_component_ref idref="oc-6c7"/>
      </symbol>
      <symbol id="sm-7d5">
         <name>sprite_truck0</name>
         <value>0x57dc</value>
         <object_component_ref idref="oc-64d"/>
      </symbol>
      <symbol id="sm-7d6">
         <name>sprite_strawberry0</name>
         <value>0x57c4</value>
         <object_component_ref idref="oc-74d"/>
      </symbol>
      <symbol id="sm-7d7">
         <name>sprite_frog0_right</name>
         <value>0x578e</value>
         <object_component_ref idref="oc-788"/>
      </symbol>
      <symbol id="sm-7d8">
         <name>time_margin_img</name>
         <value>0x5512</value>
         <object_component_ref idref="oc-7c1"/>
      </symbol>
      <symbol id="sm-7d9">
         <name>sprite_car0</name>
         <value>0x5776</value>
         <object_component_ref idref="oc-653"/>
      </symbol>
      <symbol id="sm-7da">
         <name>sprite_car1</name>
         <value>0x577c</value>
         <object_component_ref idref="oc-650"/>
      </symbol>
      <symbol id="sm-7db">
         <name>sprite_life</name>
         <value>0x57b2</value>
         <object_component_ref idref="oc-6c3"/>
      </symbol>
      <symbol id="sm-7dc">
         <name>trator0_img</name>
         <value>0x55f4</value>
         <object_component_ref idref="oc-75c"/>
      </symbol>
      <symbol id="sm-7dd">
         <name>sprite_scenario</name>
         <value>0x57be</value>
         <object_component_ref idref="oc-6b1"/>
      </symbol>
      <symbol id="sm-7f5">
         <name>timer_a1_init_20Hz</name>
         <value>0x1210a</value>
         <object_component_ref idref="oc-4f2"/>
      </symbol>
      <symbol id="sm-7f6">
         <name>timer_a1_stop</name>
         <value>0x121b0</value>
         <object_component_ref idref="oc-504"/>
      </symbol>
      <symbol id="sm-7f7">
         <name>timer_a0_delay_us</name>
         <value>0x11f48</value>
         <object_component_ref idref="oc-626"/>
      </symbol>
      <symbol id="sm-7ff">
         <name>_stack</name>
         <value>0x4360</value>
         <object_component_ref idref="oc-3bd"/>
      </symbol>
      <symbol id="sm-800">
         <name>_reset_vector</name>
         <value>0xfffe</value>
         <object_component_ref idref="oc-3c0"/>
      </symbol>
      <symbol id="sm-80a">
         <name>_c_int00_noargs_noexit</name>
         <value>0x451c</value>
         <object_component_ref idref="oc-ad"/>
      </symbol>
      <symbol id="sm-820">
         <name>__TI_decompress_none</name>
         <value>0x12130</value>
         <object_component_ref idref="oc-6d"/>
      </symbol>
      <symbol id="sm-842">
         <name>__TI_decompress_rle24</name>
         <value>0x1220e</value>
         <object_component_ref idref="oc-73"/>
      </symbol>
      <symbol id="sm-84d">
         <name>__mspabi_remu</name>
         <value>0x120cc</value>
         <object_component_ref idref="oc-656"/>
      </symbol>
      <symbol id="sm-84e">
         <name>__mspabi_divu</name>
         <value>0x120cc</value>
         <object_component_ref idref="oc-656"/>
      </symbol>
      <symbol id="sm-85a">
         <name>__mspabi_remli</name>
         <value>0x11c32</value>
         <object_component_ref idref="oc-44c"/>
      </symbol>
      <symbol id="sm-85b">
         <name>__mspabi_divli</name>
         <value>0x11c32</value>
         <object_component_ref idref="oc-44c"/>
      </symbol>
      <symbol id="sm-869">
         <name>__mspabi_remul</name>
         <value>0x11a5c</value>
         <object_component_ref idref="oc-5b4"/>
      </symbol>
      <symbol id="sm-86a">
         <name>__mspabi_divul</name>
         <value>0x11a5c</value>
         <object_component_ref idref="oc-5b4"/>
      </symbol>
      <symbol id="sm-890">
         <name>__mspabi_divd</name>
         <value>0x109ec</value>
         <object_component_ref idref="oc-457"/>
      </symbol>
      <symbol id="sm-89a">
         <name>C$$EXIT</name>
         <value>0x12208</value>
         <object_component_ref idref="oc-421"/>
      </symbol>
      <symbol id="sm-89b">
         <name>abort</name>
         <value>0x12208</value>
         <object_component_ref idref="oc-421"/>
      </symbol>
      <symbol id="sm-8a7">
         <name>__mspabi_fixdu</name>
         <value>0x1211e</value>
         <object_component_ref idref="oc-463"/>
      </symbol>
      <symbol id="sm-8b7">
         <name>__mspabi_fixdul</name>
         <value>0x11876</value>
         <object_component_ref idref="oc-5d6"/>
      </symbol>
      <symbol id="sm-8c0">
         <name>__mspabi_fltud</name>
         <value>0x12202</value>
         <object_component_ref idref="oc-451"/>
      </symbol>
      <symbol id="sm-8d5">
         <name>__mspabi_fltuld</name>
         <value>0x116b6</value>
         <object_component_ref idref="oc-5ba"/>
      </symbol>
      <symbol id="sm-8f0">
         <name>__TI_frcdivd</name>
         <value>0x10000</value>
         <object_component_ref idref="oc-5c1"/>
      </symbol>
      <symbol id="sm-8f3">
         <name>__TI_int41</name>
         <value>0xffd2</value>
         <object_component_ref idref="oc-79"/>
      </symbol>
      <symbol id="sm-8f6">
         <name>__TI_int42</name>
         <value>0xffd4</value>
         <object_component_ref idref="oc-7a"/>
      </symbol>
      <symbol id="sm-8f9">
         <name>__TI_int43</name>
         <value>0xffd6</value>
         <object_component_ref idref="oc-7b"/>
      </symbol>
      <symbol id="sm-8fc">
         <name>__TI_int45</name>
         <value>0xffda</value>
         <object_component_ref idref="oc-7d"/>
      </symbol>
      <symbol id="sm-8ff">
         <name>__TI_int47</name>
         <value>0xffde</value>
         <object_component_ref idref="oc-7f"/>
      </symbol>
      <symbol id="sm-902">
         <name>__TI_int48</name>
         <value>0xffe0</value>
         <object_component_ref idref="oc-80"/>
      </symbol>
      <symbol id="sm-905">
         <name>__TI_int50</name>
         <value>0xffe4</value>
         <object_component_ref idref="oc-82"/>
      </symbol>
      <symbol id="sm-908">
         <name>__TI_int51</name>
         <value>0xffe6</value>
         <object_component_ref idref="oc-83"/>
      </symbol>
      <symbol id="sm-90b">
         <name>__TI_int52</name>
         <value>0xffe8</value>
         <object_component_ref idref="oc-84"/>
      </symbol>
      <symbol id="sm-90e">
         <name>__TI_int53</name>
         <value>0xffea</value>
         <object_component_ref idref="oc-85"/>
      </symbol>
      <symbol id="sm-911">
         <name>__TI_int54</name>
         <value>0xffec</value>
         <object_component_ref idref="oc-86"/>
      </symbol>
      <symbol id="sm-914">
         <name>__TI_int55</name>
         <value>0xffee</value>
         <object_component_ref idref="oc-87"/>
      </symbol>
      <symbol id="sm-917">
         <name>__TI_int56</name>
         <value>0xfff0</value>
         <object_component_ref idref="oc-88"/>
      </symbol>
      <symbol id="sm-91a">
         <name>__TI_int57</name>
         <value>0xfff2</value>
         <object_component_ref idref="oc-89"/>
      </symbol>
      <symbol id="sm-91d">
         <name>__TI_int58</name>
         <value>0xfff4</value>
         <object_component_ref idref="oc-8a"/>
      </symbol>
      <symbol id="sm-920">
         <name>__TI_int59</name>
         <value>0xfff6</value>
         <object_component_ref idref="oc-8b"/>
      </symbol>
      <symbol id="sm-923">
         <name>__TI_int60</name>
         <value>0xfff8</value>
         <object_component_ref idref="oc-8c"/>
      </symbol>
      <symbol id="sm-926">
         <name>__TI_int61</name>
         <value>0xfffa</value>
         <object_component_ref idref="oc-8d"/>
      </symbol>
      <symbol id="sm-929">
         <name>__TI_int62</name>
         <value>0xfffc</value>
         <object_component_ref idref="oc-8e"/>
      </symbol>
      <symbol id="sm-931">
         <name>__TI_ISR_TRAP</name>
         <value>0x4536</value>
         <object_component_ref idref="oc-3db"/>
      </symbol>
      <symbol id="sm-939">
         <name>__mspabi_slll_9</name>
         <value>0x11cc8</value>
         <object_component_ref idref="oc-70f"/>
      </symbol>
      <symbol id="sm-93a">
         <name>__mspabi_slll_8</name>
         <value>0x11ccc</value>
         <object_component_ref idref="oc-70f"/>
      </symbol>
      <symbol id="sm-93b">
         <name>__mspabi_slll_7</name>
         <value>0x11cd0</value>
         <object_component_ref idref="oc-70f"/>
      </symbol>
      <symbol id="sm-93c">
         <name>__mspabi_slll_6</name>
         <value>0x11cd4</value>
         <object_component_ref idref="oc-70f"/>
      </symbol>
      <symbol id="sm-93d">
         <name>__mspabi_slll_5</name>
         <value>0x11cd8</value>
         <object_component_ref idref="oc-70f"/>
      </symbol>
      <symbol id="sm-93e">
         <name>__mspabi_slll_4</name>
         <value>0x11cdc</value>
         <object_component_ref idref="oc-70f"/>
      </symbol>
      <symbol id="sm-93f">
         <name>__mspabi_slll_3</name>
         <value>0x11ce0</value>
         <object_component_ref idref="oc-70f"/>
      </symbol>
      <symbol id="sm-940">
         <name>__mspabi_slll_2</name>
         <value>0x11ce4</value>
         <object_component_ref idref="oc-70f"/>
      </symbol>
      <symbol id="sm-941">
         <name>__mspabi_slll_1</name>
         <value>0x11ce8</value>
         <object_component_ref idref="oc-70f"/>
      </symbol>
      <symbol id="sm-942">
         <name>__mspabi_slll_15</name>
         <value>0x11cb0</value>
         <object_component_ref idref="oc-70f"/>
      </symbol>
      <symbol id="sm-943">
         <name>__mspabi_slll_14</name>
         <value>0x11cb4</value>
         <object_component_ref idref="oc-70f"/>
      </symbol>
      <symbol id="sm-944">
         <name>__mspabi_slll_13</name>
         <value>0x11cb8</value>
         <object_component_ref idref="oc-70f"/>
      </symbol>
      <symbol id="sm-945">
         <name>__mspabi_slll_12</name>
         <value>0x11cbc</value>
         <object_component_ref idref="oc-70f"/>
      </symbol>
      <symbol id="sm-946">
         <name>__mspabi_slll_11</name>
         <value>0x11cc0</value>
         <object_component_ref idref="oc-70f"/>
      </symbol>
      <symbol id="sm-947">
         <name>__mspabi_slll_10</name>
         <value>0x11cc4</value>
         <object_component_ref idref="oc-70f"/>
      </symbol>
      <symbol id="sm-957">
         <name>__mspabi_srll_8</name>
         <value>0x11d0a</value>
         <object_component_ref idref="oc-714"/>
      </symbol>
      <symbol id="sm-958">
         <name>__mspabi_srll_9</name>
         <value>0x11d06</value>
         <object_component_ref idref="oc-714"/>
      </symbol>
      <symbol id="sm-959">
         <name>__mspabi_srll_6</name>
         <value>0x11d12</value>
         <object_component_ref idref="oc-714"/>
      </symbol>
      <symbol id="sm-95a">
         <name>__mspabi_srll_7</name>
         <value>0x11d0e</value>
         <object_component_ref idref="oc-714"/>
      </symbol>
      <symbol id="sm-95b">
         <name>__mspabi_srll_4</name>
         <value>0x11d1a</value>
         <object_component_ref idref="oc-714"/>
      </symbol>
      <symbol id="sm-95c">
         <name>__mspabi_srll_5</name>
         <value>0x11d16</value>
         <object_component_ref idref="oc-714"/>
      </symbol>
      <symbol id="sm-95d">
         <name>__mspabi_srll_2</name>
         <value>0x11d22</value>
         <object_component_ref idref="oc-714"/>
      </symbol>
      <symbol id="sm-95e">
         <name>__mspabi_srll_3</name>
         <value>0x11d1e</value>
         <object_component_ref idref="oc-714"/>
      </symbol>
      <symbol id="sm-95f">
         <name>__mspabi_srll_1</name>
         <value>0x11d26</value>
         <object_component_ref idref="oc-714"/>
      </symbol>
      <symbol id="sm-960">
         <name>__mspabi_srll_15</name>
         <value>0x11cee</value>
         <object_component_ref idref="oc-714"/>
      </symbol>
      <symbol id="sm-961">
         <name>__mspabi_srll_14</name>
         <value>0x11cf2</value>
         <object_component_ref idref="oc-714"/>
      </symbol>
      <symbol id="sm-962">
         <name>__mspabi_srll_13</name>
         <value>0x11cf6</value>
         <object_component_ref idref="oc-714"/>
      </symbol>
      <symbol id="sm-963">
         <name>__mspabi_srll_12</name>
         <value>0x11cfa</value>
         <object_component_ref idref="oc-714"/>
      </symbol>
      <symbol id="sm-964">
         <name>__mspabi_srll_11</name>
         <value>0x11cfe</value>
         <object_component_ref idref="oc-714"/>
      </symbol>
      <symbol id="sm-965">
         <name>__mspabi_srll_10</name>
         <value>0x11d02</value>
         <object_component_ref idref="oc-714"/>
      </symbol>
      <symbol id="sm-966">
         <name>__mspabi_srll</name>
         <value>0x12154</value>
         <object_component_ref idref="oc-72d"/>
      </symbol>
      <symbol id="sm-97a">
         <name>memcpy</name>
         <value>0x120f6</value>
         <object_component_ref idref="oc-3c1"/>
      </symbol>
      <symbol id="sm-99b">
         <name>__mspabi_mpyd</name>
         <value>0x1076a</value>
         <object_component_ref idref="oc-45d"/>
      </symbol>
      <symbol id="sm-9a5">
         <name>__mspabi_mpyi_f5hw</name>
         <value>0x12088</value>
         <object_component_ref idref="oc-5e4"/>
      </symbol>
      <symbol id="sm-9af">
         <name>__mspabi_mpyl_f5hw</name>
         <value>0x11f92</value>
         <object_component_ref idref="oc-71b"/>
      </symbol>
      <symbol id="sm-9b9">
         <name>_system_pre_init</name>
         <value>0x12244</value>
         <object_component_ref idref="oc-3f9"/>
      </symbol>
      <symbol id="sm-9c3">
         <name>__mspabi_sral_15</name>
         <value>0x11c72</value>
         <object_component_ref idref="oc-720"/>
      </symbol>
      <symbol id="sm-9c4">
         <name>__mspabi_sral_14</name>
         <value>0x11c76</value>
         <object_component_ref idref="oc-720"/>
      </symbol>
      <symbol id="sm-9c5">
         <name>__mspabi_sral_13</name>
         <value>0x11c7a</value>
         <object_component_ref idref="oc-720"/>
      </symbol>
      <symbol id="sm-9c6">
         <name>__mspabi_sral_12</name>
         <value>0x11c7e</value>
         <object_component_ref idref="oc-720"/>
      </symbol>
      <symbol id="sm-9c7">
         <name>__mspabi_sral_11</name>
         <value>0x11c82</value>
         <object_component_ref idref="oc-720"/>
      </symbol>
      <symbol id="sm-9c8">
         <name>__mspabi_sral_10</name>
         <value>0x11c86</value>
         <object_component_ref idref="oc-720"/>
      </symbol>
      <symbol id="sm-9c9">
         <name>__mspabi_sral_8</name>
         <value>0x11c8e</value>
         <object_component_ref idref="oc-720"/>
      </symbol>
      <symbol id="sm-9ca">
         <name>__mspabi_sral_9</name>
         <value>0x11c8a</value>
         <object_component_ref idref="oc-720"/>
      </symbol>
      <symbol id="sm-9cb">
         <name>__mspabi_sral_6</name>
         <value>0x11c96</value>
         <object_component_ref idref="oc-720"/>
      </symbol>
      <symbol id="sm-9cc">
         <name>__mspabi_sral_7</name>
         <value>0x11c92</value>
         <object_component_ref idref="oc-720"/>
      </symbol>
      <symbol id="sm-9cd">
         <name>__mspabi_sral_4</name>
         <value>0x11c9e</value>
         <object_component_ref idref="oc-720"/>
      </symbol>
      <symbol id="sm-9ce">
         <name>__mspabi_sral_5</name>
         <value>0x11c9a</value>
         <object_component_ref idref="oc-720"/>
      </symbol>
      <symbol id="sm-9cf">
         <name>__mspabi_sral_2</name>
         <value>0x11ca6</value>
         <object_component_ref idref="oc-720"/>
      </symbol>
      <symbol id="sm-9d0">
         <name>__mspabi_sral_3</name>
         <value>0x11ca2</value>
         <object_component_ref idref="oc-720"/>
      </symbol>
      <symbol id="sm-9d1">
         <name>__mspabi_sral_1</name>
         <value>0x11caa</value>
         <object_component_ref idref="oc-720"/>
      </symbol>
      <symbol id="sm-9f3">
         <name>_auto_init_hold_wdt</name>
         <value>0x11634</value>
         <object_component_ref idref="oc-3ff"/>
      </symbol>
      <symbol id="sm-a09">
         <name>copy_in</name>
         <value>0x11946</value>
         <object_component_ref idref="oc-47d"/>
      </symbol>
      <symbol id="sm-a1a">
         <name>__TI_frcmpyd</name>
         <value>0x10486</value>
         <object_component_ref idref="oc-5ce"/>
      </symbol>
      <symbol id="sm-a23">
         <name>_system_post_cinit</name>
         <value>0x12248</value>
         <object_component_ref idref="oc-483"/>
      </symbol>
      <symbol id="sm-a25">
         <name>__TI_BINIT_Base</name>
         <value>0x0</value>
      </symbol>
      <symbol id="sm-a26">
         <name>__TI_BINIT_Limit</name>
         <value>0x0</value>
      </symbol>
      <symbol id="sm-a27">
         <name>__TI_INITARRAY_Base</name>
         <value>0x0</value>
      </symbol>
      <symbol id="sm-a28">
         <name>__TI_INITARRAY_Limit</name>
         <value>0x0</value>
      </symbol>
      <symbol id="sm-a29">
         <name>game_engine_periodic_interrupt_start</name>
         <value>0x1210a</value>
      </symbol>
      <symbol id="sm-a2a">
         <name>game_engine_periodic_interrupt_stop</name>
         <value>0x121b0</value>
      </symbol>
   </symbol_table>
   <title>Link successful</title>
</link_info>
